
> bclouder-desafio-tecnico-countries-explorer@0.0.0 test
> ng test --no-watch --browsers=ChromeHeadless

- Generating browser application bundles (phase: setup)...
[32m√[39m Browser application bundle generation complete.
[32m07 05 2026 11:38:01.676:INFO [karma-server]: [39mKarma v6.4.4 server started at http://localhost:9876/
[32m07 05 2026 11:38:01.678:INFO [launcher]: [39mLaunching browsers ChromeHeadless with concurrency unlimited
[32m07 05 2026 11:38:01.715:INFO [launcher]: [39mStarting browser ChromeHeadless
[32m07 05 2026 11:38:03.398:INFO [Chrome Headless 147.0.0.0 (Windows 10)]: [39mConnected on socket SW_vvTBvn9FT_b1rAAAB with id 41954682
Chrome Headless 147.0.0.0 (Windows 10): Executed 0 of 64[32m SUCCESS[39m (0 secs / 0 secs)
[1A[2KChrome Headless 147.0.0.0 (Windows 10): Executed 1 of 64[32m SUCCESS[39m (0 secs / 0.002 secs)
[1A[2KChrome Headless 147.0.0.0 (Windows 10): Executed 2 of 64[32m SUCCESS[39m (0 secs / 0.003 secs)
[1A[2KChrome Headless 147.0.0.0 (Windows 10): Executed 3 of 64[32m SUCCESS[39m (0 secs / 0.003 secs)
[1A[2KChrome Headless 147.0.0.0 (Windows 10): Executed 4 of 64[32m SUCCESS[39m (0 secs / 0.003 secs)
[1A[2KChrome Headless 147.0.0.0 (Windows 10): Executed 5 of 64[32m SUCCESS[39m (0 secs / 0.003 secs)
[1A[2KChrome Headless 147.0.0.0 (Windows 10): Executed 6 of 64[32m SUCCESS[39m (0 secs / 0.005 secs)
[1A[2KChrome Headless 147.0.0.0 (Windows 10): Executed 7 of 64[32m SUCCESS[39m (0 secs / 0.005 secs)
[1A[2KChrome Headless 147.0.0.0 (Windows 10): Executed 8 of 64[32m SUCCESS[39m (0 secs / 0.241 secs)
[1A[2KChrome Headless 147.0.0.0 (Windows 10): Executed 9 of 64[32m SUCCESS[39m (0 secs / 0.275 secs)
[1A[2KChrome Headless 147.0.0.0 (Windows 10): Executed 10 of 64[32m SUCCESS[39m (0 secs / 0.305 secs)
[1A[2KChrome Headless 147.0.0.0 (Windows 10): Executed 11 of 64[32m SUCCESS[39m (0 secs / 0.339 secs)
[1A[2KChrome Headless 147.0.0.0 (Windows 10): Executed 12 of 64[32m SUCCESS[39m (0 secs / 0.37 secs)
[1A[2KChrome Headless 147.0.0.0 (Windows 10): Executed 13 of 64[32m SUCCESS[39m (0 secs / 0.42 secs)
[1A[2KChrome Headless 147.0.0.0 (Windows 10): Executed 14 of 64[32m SUCCESS[39m (0 secs / 0.443 secs)
[33m07 05 2026 11:38:04.241:WARN [web-server]: [39m404: /_karma_webpack_/br-svg
[33m07 05 2026 11:38:04.242:WARN [web-server]: [39m404: /_karma_webpack_/de-svg
[1A[2KChrome Headless 147.0.0.0 (Windows 10): Executed 15 of 64[32m SUCCESS[39m (0 secs / 0.874 secs)
[1A[2KChrome Headless 147.0.0.0 (Windows 10): Executed 16 of 64[32m SUCCESS[39m (0 secs / 0.899 secs)
[1A[2KChrome Headless 147.0.0.0 (Windows 10): Executed 17 of 64[32m SUCCESS[39m (0 secs / 0.921 secs)
[1A[2KChrome Headless 147.0.0.0 (Windows 10): Executed 18 of 64[32m SUCCESS[39m (0 secs / 0.944 secs)
[1A[2KChrome Headless 147.0.0.0 (Windows 10): Executed 19 of 64[32m SUCCESS[39m (0 secs / 0.967 secs)
[1A[2KChrome Headless 147.0.0.0 (Windows 10): Executed 20 of 64[32m SUCCESS[39m (0 secs / 0.969 secs)
[1A[2KChrome Headless 147.0.0.0 (Windows 10): Executed 21 of 64[32m SUCCESS[39m (0 secs / 0.97 secs)
[1A[2KChrome Headless 147.0.0.0 (Windows 10): Executed 22 of 64[32m SUCCESS[39m (0 secs / 0.971 secs)
[1A[2KChrome Headless 147.0.0.0 (Windows 10): Executed 23 of 64[32m SUCCESS[39m (0 secs / 0.972 secs)
[1A[2KChrome Headless 147.0.0.0 (Windows 10): Executed 24 of 64[32m SUCCESS[39m (0 secs / 0.973 secs)
[1A[2KChrome Headless 147.0.0.0 (Windows 10): Executed 25 of 64[32m SUCCESS[39m (0 secs / 1.007 secs)
[1A[2KChrome Headless 147.0.0.0 (Windows 10): Executed 26 of 64[32m SUCCESS[39m (0 secs / 1.016 secs)
[1A[2KChrome Headless 147.0.0.0 (Windows 10): Executed 27 of 64[32m SUCCESS[39m (0 secs / 1.024 secs)
[1A[2KChrome Headless 147.0.0.0 (Windows 10): Executed 28 of 64[32m SUCCESS[39m (0 secs / 1.03 secs)
[1A[2KChrome Headless 147.0.0.0 (Windows 10): Executed 29 of 64[32m SUCCESS[39m (0 secs / 1.03 secs)
[1A[2KChrome Headless 147.0.0.0 (Windows 10): Executed 30 of 64[32m SUCCESS[39m (0 secs / 1.03 secs)
[1A[2KChrome Headless 147.0.0.0 (Windows 10): Executed 31 of 64[32m SUCCESS[39m (0 secs / 1.03 secs)
[1A[2KChrome Headless 147.0.0.0 (Windows 10): Executed 32 of 64[32m SUCCESS[39m (0 secs / 1.03 secs)
[1A[2KChrome Headless 147.0.0.0 (Windows 10): Executed 33 of 64[32m SUCCESS[39m (0 secs / 1.031 secs)
[1A[2KChrome Headless 147.0.0.0 (Windows 10): Executed 34 of 64[32m SUCCESS[39m (0 secs / 1.031 secs)
[1A[2KChrome Headless 147.0.0.0 (Windows 10): Executed 35 of 64[32m SUCCESS[39m (0 secs / 1.031 secs)
[1A[2KChrome Headless 147.0.0.0 (Windows 10): Executed 36 of 64[32m SUCCESS[39m (0 secs / 1.032 secs)
[1A[2KChrome Headless 147.0.0.0 (Windows 10): Executed 37 of 64[32m SUCCESS[39m (0 secs / 1.034 secs)
[1A[2KChrome Headless 147.0.0.0 (Windows 10): Executed 38 of 64[32m SUCCESS[39m (0 secs / 1.036 secs)
[1A[2KChrome Headless 147.0.0.0 (Windows 10): Executed 39 of 64[32m SUCCESS[39m (0 secs / 1.038 secs)
[1A[2KChrome Headless 147.0.0.0 (Windows 10): Executed 40 of 64[32m SUCCESS[39m (0 secs / 1.04 secs)
[1A[2KChrome Headless 147.0.0.0 (Windows 10): Executed 41 of 64[32m SUCCESS[39m (0 secs / 1.041 secs)
[1A[2KChrome Headless 147.0.0.0 (Windows 10): Executed 42 of 64[32m SUCCESS[39m (0 secs / 1.041 secs)
[1A[2KChrome Headless 147.0.0.0 (Windows 10): Executed 43 of 64[32m SUCCESS[39m (0 secs / 1.042 secs)
[1A[2KChrome Headless 147.0.0.0 (Windows 10): Executed 44 of 64[32m SUCCESS[39m (0 secs / 1.042 secs)
[1A[2KChrome Headless 147.0.0.0 (Windows 10): Executed 45 of 64[32m SUCCESS[39m (0 secs / 1.043 secs)
[33m07 05 2026 11:38:04.811:WARN [web-server]: [39m404: /_karma_webpack_/url
[1A[2KChrome Headless 147.0.0.0 (Windows 10): Executed 46 of 64[32m SUCCESS[39m (0 secs / 1.079 secs)
[1A[2KChrome Headless 147.0.0.0 (Windows 10): Executed 47 of 64[32m SUCCESS[39m (0 secs / 1.085 secs)
[33m07 05 2026 11:38:04.825:WARN [web-server]: [39m404: /_karma_webpack_/url
[1A[2KERROR: [36m'Erro ao buscar país:', Error: Not Found
Error: Not Found
    at errorFactory (http://localhost:9876/_karma_webpack_/webpack:/src/app/features/detail/detail.spec.ts:94:63)
    at Observable._subscribe (http://localhost:9876/_karma_webpack_/webpack:/node_modules/rxjs/dist/esm/internal/observable/throwError.js:5:51)
    at Observable._trySubscribe (http://localhost:9876/_karma_webpack_/webpack:/node_modules/rxjs/dist/esm/internal/Observable.js:37:25)
    at cb (http://localhost:9876/_karma_webpack_/webpack:/node_modules/rxjs/dist/esm/internal/Observable.js:31:30)
    at errorContext (http://localhost:9876/_karma_webpack_/webpack:/node_modules/rxjs/dist/esm/internal/util/errorContext.js:19:9)
    at Observable.subscribe (http://localhost:9876/_karma_webpack_/webpack:/node_modules/rxjs/dist/esm/internal/Observable.js:22:21)
    at onNext (http://localhost:9876/_karma_webpack_/webpack:/node_modules/rxjs/dist/esm/internal/operators/switchMap.js:14:51)
    at OperatorSubscriber._next (http://localhost:9876/_karma_webpack_/webpack:/node_modules/rxjs/dist/esm/internal/operators/OperatorSubscriber.js:13:21)
    at OperatorSubscriber.next (http://localhost:9876/_karma_webpack_/webpack:/node_modules/rxjs/dist/esm/internal/Subscriber.js:31:18)
    at BehaviorSubject._subscribe (http://localhost:9876/_karma_webpack_/webpack:/node_modules/rxjs/dist/esm/internal/BehaviorSubject.js:12:44)[39m
Chrome Headless 147.0.0.0 (Windows 10): Executed 47 of 64[32m SUCCESS[39m (0 secs / 1.085 secs)
ERROR: 'Erro ao buscar país:', Error: Not Found
Error: Not Found
    at errorFactory (http://localhost:9876/_karma_webpack_/webpack:/src/app/features/detail/detail.spec.ts:94:63)
    at Observable._subscribe (http://localhost:9876/_karma_webpack_/webpack:/node_modules/rxjs/dist/esm/internal/observable/throwError.js:5:51)
    at Observable._trySubscribe (http://localhost:9876/_karma_webpack_/webpack:/node_modules/rxjs/dist/esm/internal/Observable.js:37:25)
    at cb (http://localhost:9876/_karma_webpack_/webpack:/node_modules/rxjs/dist/esm/internal/Observable.js:31:30)
    at errorContext (http://localhost:9876/_karma_webpack_/webpack:/node_modules/rxjs/dist/esm/internal/util/errorContext.js:19:9)
    at Observable.subscribe (http://localhost:9876/_karma_webpack_/webpack:/node_modules/rxjs/dist/esm/internal/Observable.js:22:21)
    at onNext (http://localhost:9876/_karma_webpack_/webpack:/node_modules/rxjs/dist/esm/internal/operators/switchMap.js:14:51)
    at OperatorSubscriber._next (http://localhost:9876/_karma_webpack_/webpack:/node_modules/rxjs/dist/esm/internal/operators/OperatorSubscriber.js:13:21)
    at OperatorSubscriber.next (http://localhost:9876/_karma_webpack_/webpack:/node_modules/rxjs/dist/esm/internal/Subscriber.js:31:18)
    at BehaviorSubject._subscribe (http://localhost:9876/_karma_webpack_/webpack:/node_modules/rxjs/dist/esm/internal/BehaviorSubject.js:12:44)
[1A[2KChrome Headless 147.0.0.0 (Windows 10): Executed 48 of 64[32m SUCCESS[39m (0 secs / 2.168 secs)
[33m07 05 2026 11:38:05.916:WARN [web-server]: [39m404: /_karma_webpack_/url
[1A[2KChrome Headless 147.0.0.0 (Windows 10): Executed 49 of 64[32m SUCCESS[39m (0 secs / 2.175 secs)
[33m07 05 2026 11:38:05.926:WARN [web-server]: [39m404: /_karma_webpack_/url
[1A[2K[31mChrome Headless 147.0.0.0 (Windows 10) Detail should show loading state while fetching country FAILED[39m
	Expected false to be true.
	    at <Jasmine>
	    at UserContext.<anonymous> (src/app/features/detail/detail.spec.ts:84:56)
	    at <Jasmine>
Chrome Headless 147.0.0.0 (Windows 10): Executed 50 of 64[31m (1 FAILED)[39m (0 secs / 2.187 secs)
[33m07 05 2026 11:38:05.938:WARN [web-server]: [39m404: /_karma_webpack_/url
[1A[2KChrome Headless 147.0.0.0 (Windows 10): Executed 51 of 64[31m (1 FAILED)[39m (0 secs / 2.194 secs)
[1A[2KChrome Headless 147.0.0.0 (Windows 10): Executed 52 of 64[31m (1 FAILED)[39m (0 secs / 2.199 secs)
[1A[2KChrome Headless 147.0.0.0 (Windows 10): Executed 53 of 64[31m (1 FAILED)[39m (0 secs / 2.205 secs)
[1A[2KChrome Headless 147.0.0.0 (Windows 10): Executed 54 of 64[31m (1 FAILED)[39m (0 secs / 2.21 secs)
[1A[2K[31mChrome Headless 147.0.0.0 (Windows 10) LanguageSelect should list all available languages in the menu FAILED[39m
	Expected [ 'check English', 'Português', 'Español', 'Français', 'Deutsch' ] to contain 'English'.
	    at <Jasmine>
	    at UserContext.<anonymous> (src/app/shared/components/language-select/language-select.spec.ts:68:20)
	    at <Jasmine>
Chrome Headless 147.0.0.0 (Windows 10): Executed 55 of 64[31m (2 FAILED)[39m (0 secs / 2.229 secs)
[1A[2KChrome Headless 147.0.0.0 (Windows 10): Executed 56 of 64[31m (2 FAILED)[39m (0 secs / 2.234 secs)
[1A[2KChrome Headless 147.0.0.0 (Windows 10): Executed 57 of 64[31m (2 FAILED)[39m (0 secs / 2.236 secs)
[1A[2KChrome Headless 147.0.0.0 (Windows 10): Executed 58 of 64[31m (2 FAILED)[39m (0 secs / 2.237 secs)
[1A[2KChrome Headless 147.0.0.0 (Windows 10): Executed 59 of 64[31m (2 FAILED)[39m (0 secs / 2.238 secs)
[1A[2KChrome Headless 147.0.0.0 (Windows 10): Executed 60 of 64[31m (2 FAILED)[39m (0 secs / 2.239 secs)
[1A[2KChrome Headless 147.0.0.0 (Windows 10): Executed 61 of 64[31m (2 FAILED)[39m (0 secs / 2.24 secs)
[1A[2KChrome Headless 147.0.0.0 (Windows 10): Executed 62 of 64[31m (2 FAILED)[39m (0 secs / 2.241 secs)
[1A[2KChrome Headless 147.0.0.0 (Windows 10): Executed 63 of 64[31m (2 FAILED)[39m (0 secs / 2.242 secs)
[1A[2KChrome Headless 147.0.0.0 (Windows 10): Executed 64 of 64[31m (2 FAILED)[39m (0 secs / 2.243 secs)
[1A[2KChrome Headless 147.0.0.0 (Windows 10): Executed 64 of 64[31m (2 FAILED)[39m (2.312 secs / 2.243 secs)
[31mTOTAL: 2 FAILED, 62 SUCCESS[39m
[32m√[39m Browser application bundle generation complete.
